<?xml version="1.0"?>
<worksheet xmlns:r="http://schemas.openxmlformats.org/officeDocument/2006/relationships" xmlns="http://schemas.openxmlformats.org/spreadsheetml/2006/main">
  <sheetPr>
    <outlinePr summaryRight="1" summaryBelow="1"/>
  </sheetPr>
  <dimension ref="A1:F1"/>
  <sheetViews>
    <sheetView workbookViewId="0">
      <selection sqref="A1" activeCell="A1"/>
    </sheetView>
  </sheetViews>
  <sheetFormatPr baseColWidth="10" defaultRowHeight="15"/>
  <cols>
    <col min="6" max="6" style="1"/>
  </cols>
  <sheetData>
    <row spans="1:6" r="1">
      <c t="n" s="1" r="F1">
        <v>0.13</v>
      </c>
    </row>
  </sheetData>
    <pageMargins left="0.75" right="0.75" top="1" bottom="1" header="0.5" footer="0.5"/>
</worksheet>
