<?xml version="1.0"?>
<worksheet xmlns:r="http://schemas.openxmlformats.org/officeDocument/2006/relationships" xmlns="http://schemas.openxmlformats.org/spreadsheetml/2006/main">
  <sheetPr>
    <outlinePr summaryRight="1" summaryBelow="1"/>
  </sheetPr>
  <dimension ref="A1:A3"/>
  <sheetViews>
    <sheetView workbookViewId="0">
      <selection sqref="A1" activeCell="A1"/>
    </sheetView>
  </sheetViews>
  <sheetFormatPr baseColWidth="10" defaultRowHeight="15"/>
  <sheetData>
    <row spans="1:1" r="1">
      <c t="s" r="A1">
        <v>0</v>
      </c>
    </row>
    <row spans="1:1" r="2">
      <c t="n" r="A2">
        <v>1</v>
      </c>
    </row>
    <row spans="1:1" r="3">
      <c t="n" r="A3">
        <v>0</v>
      </c>
    </row>
  </sheetData>
  <autoFilter ref="A2:A3">
    <sortState ref="A2:A3">
      <sortCondtion ref="A2:A3" descending="1" />
    </sortState>
  </autoFilter>
    <pageMargins left="0.75" right="0.75" top="1" bottom="1" header="0.5" footer="0.5"/>
</worksheet>
