<?xml version="1.0" encoding="UTF-8" standalone="yes"?>
<c:chartSpace xmlns:c="http://schemas.openxmlformats.org/drawingml/2006/chart" xmlns:a="http://schemas.openxmlformats.org/drawingml/2006/main" xmlns:r="http://schemas.openxmlformats.org/officeDocument/2006/relationships">
  <c:date1904 val="0"/>
  <c:lang val="de-DE"/>
  <c:roundedCorners val="0"/>
  <c:chart>
    <c:autoTitleDeleted val="0"/>
    <c:plotArea>
      <c:layout/>
      <c:areaChart>
        <c:grouping val="standard"/>
        <c:varyColors val="0"/>
        <c:ser>
          <c:idx val="0"/>
          <c:order val="0"/>
          <c:val>
            <c:numRef>
              <c:f>Area!$A$1:$A$10</c:f>
              <c:numCache>
                <c:formatCode>General</c:formatCode>
                <c:ptCount val="10"/>
                <c:pt idx="0">
                  <c:v>0.0</c:v>
                </c:pt>
                <c:pt idx="1">
                  <c:v>1.0</c:v>
                </c:pt>
                <c:pt idx="2">
                  <c:v>2.0</c:v>
                </c:pt>
                <c:pt idx="3">
                  <c:v>3.0</c:v>
                </c:pt>
                <c:pt idx="4">
                  <c:v>4.0</c:v>
                </c:pt>
                <c:pt idx="5">
                  <c:v>5.0</c:v>
                </c:pt>
                <c:pt idx="6">
                  <c:v>6.0</c:v>
                </c:pt>
                <c:pt idx="7">
                  <c:v>7.0</c:v>
                </c:pt>
                <c:pt idx="8">
                  <c:v>8.0</c:v>
                </c:pt>
                <c:pt idx="9">
                  <c:v>9.0</c:v>
                </c:pt>
              </c:numCache>
            </c:numRef>
          </c:val>
        </c:ser>
        <c:dLbls>
          <c:showLegendKey val="0"/>
          <c:showVal val="0"/>
          <c:showCatName val="0"/>
          <c:showSerName val="0"/>
          <c:showPercent val="0"/>
          <c:showBubbleSize val="0"/>
        </c:dLbls>
        <c:axId val="2090593416"/>
        <c:axId val="2089991032"/>
      </c:areaChart>
      <c:catAx>
        <c:axId val="2090593416"/>
        <c:scaling>
          <c:orientation val="minMax"/>
        </c:scaling>
        <c:delete val="0"/>
        <c:axPos val="b"/>
        <c:majorTickMark val="out"/>
        <c:minorTickMark val="none"/>
        <c:tickLblPos val="nextTo"/>
        <c:crossAx val="2089991032"/>
        <c:crosses val="autoZero"/>
        <c:auto val="1"/>
        <c:lblAlgn val="ctr"/>
        <c:lblOffset val="100"/>
        <c:noMultiLvlLbl val="0"/>
      </c:catAx>
      <c:valAx>
        <c:axId val="2089991032"/>
        <c:scaling>
          <c:orientation val="minMax"/>
        </c:scaling>
        <c:delete val="0"/>
        <c:axPos val="l"/>
        <c:majorGridlines/>
        <c:numFmt formatCode="General" sourceLinked="1"/>
        <c:majorTickMark val="out"/>
        <c:minorTickMark val="none"/>
        <c:tickLblPos val="nextTo"/>
        <c:crossAx val="2090593416"/>
        <c:crosses val="autoZero"/>
        <c:crossBetween val="midCat"/>
      </c:valAx>
    </c:plotArea>
    <c:legend>
      <c:legendPos val="r"/>
      <c:layout/>
      <c:overlay val="0"/>
    </c:legend>
    <c:plotVisOnly val="1"/>
    <c:dispBlanksAs val="zero"/>
    <c:showDLblsOverMax val="0"/>
  </c:chart>
  <c:printSettings>
    <c:headerFooter/>
    <c:pageMargins b="1.0" l="0.75" r="0.75" t="1.0" header="0.5" footer="0.5"/>
    <c:pageSetup/>
  </c:printSettings>
</c:chartSpace>
