<?xml version="1.0"?>
<sst xmlns="http://schemas.openxmlformats.org/spreadsheetml/2006/main" uniqueCount="3">
  <si>
    <t>hello</t>
  </si>
  <si>
    <t>world</t>
  </si>
  <si>
    <t>nice</t>
  </si>
</sst>
