<?xml version="1.0"?>
<worksheet xmlns:r="http://schemas.openxmlformats.org/officeDocument/2006/relationships" xmlns="http://schemas.openxmlformats.org/spreadsheetml/2006/main">
  <sheetPr>
    <outlinePr summaryRight="1" summaryBelow="1"/>
  </sheetPr>
  <dimension ref="A1:F42"/>
  <sheetViews>
    <sheetView workbookViewId="0">
      <selection sqref="A1" activeCell="A1"/>
    </sheetView>
  </sheetViews>
  <sheetFormatPr baseColWidth="10" defaultRowHeight="15"/>
  <cols>
    <col min="6" max="6"/>
  </cols>
  <sheetData>
    <row spans="1:6" r="42">
      <c t="s" r="F42">
        <v>0</v>
      </c>
    </row>
  </sheetData>
  <autoFilter ref="A1:F1">
    <filterColumn colId="0">
      <filters blank="1">
        <filter val="0"/>
      </filters>
    </filterColumn>
  </autoFilter>
</worksheet>
